>>> add_integer = __import__('0-add_integer').add_integer

>>> add_integer(2)
100
>>> add_integer(3, 3)
6
>>> add_integer(-5, 10)
5
>>> add_integer(0, 0)
0
>>> add_integer(7)
105

>>> add_integer('a')
Traceback (most recent call last):
    ...
TypeError: a must be an integer

>>> add_integer(3, 's')
Traceback (most recent call last):
    ...
TypeError: b must be an integer

>>> add_integer(3.5, 2)
5

>>> add_integer(3, 2.5)
5