this is the tests for the divide matrix function in 2-matrix_divided

>>> matrix_divided = __import__("2-matrix_divided").matrix_divided

>>> matrix_divided([[12, 10, 8], [6, 4, 2]], 2)
[[6.0, 5.0, 4.0], [3.0, 2.0, 1.0]]
>>> matrix_divided(24, 2)
Traceback (most recent call last):
    ...
TypeError: matrix must be a matrix (list of lists) of integers/floats
>>> matrix_divided([[12, 10, 8], [6, 4]], 2)
Traceback (most recent call last):
    ...
TypeError:  Each row of the matrix must have the same size
>>> matrix_divided([[12, 10, 8], [6, '4', 2]], 2)
Traceback (most recent call last):
    ...
TypeError: matrix must be a matrix (list of lists) of integers/floats
>>> matrix_divided('24', 2)
Traceback (most recent call last):
    ...
TypeError: matrix must be a matrix (list of lists) of integers/floats
>>> matrix_divided([[12, 10, 8], [6, 4, 2]], 0)
Traceback (most recent call last):
    ...
ZeroDivisionError: division by zero
>>> matrix_divided([[12 ,10, 8], [6, 4, 2]], '2')
Traceback (most recent call last):
    ...
TypeError: div must be a number