This is the tests for the say_my_name function in 3-say_my_name

>>> say_my_name = __import__("3-say_my_name").say_my_name

>>> say_my_name("Bob")
My name is Bob 
>>> say_my_name("Bob", "Bob")
My name is Bob Bob
>>> say_my_name(1)
Traceback (most recent call last):
    ...
TypeError: first_name must be a string
>>> say_my_name("Bob", 3)
Traceback (most recent call last):
    ...
TypeError: last_name must be a string
>>> say_my_name([])
Traceback (most recent call last):
    ...
TypeError: first_name must be a string
